---
source: crates/sv-tui/src/main.rs
expression: snapshot
---
┌SetupVault────────────────────────────────────────────────┐
│ Dashboard │ Inbox │ Library                              │
└──────────────────────────────────────────────────────────┘
┌Inbox─────────────────┐┌Details───────────────────────────┐
│[ ] jq                ││jq                                │
│                      ││Source: homebrew                  │
│                      ││Cmd: brew install jq              │
│                      ││                                  │
│                      ││                                  │
│                      ││                                  │
│                      ││                                  │
│                      ││                                  │
│                      ││                                  │
│                      ││                                  │
│                      ││                                  │
│                      ││                                  │
│                      ││                                  │
└──────────────────────┘└──────────────────────────────────┘
┌Status────────────────────────────────────────────────────┐
└──────────────────────────────────────────────────────────┘
